Testing file: testing/parquet-testing/data/fixed_length_byte_array.parquet
Testing file: testing/parquet-testing/data/datapage_v2.snappy.parquet
    [ERROR] extracting column a: Failed to uncompress Snappy page
    [ERROR] extracting column b: Failed to uncompress Snappy page
    [ERROR] extracting column list: Column not found
    [ERROR] extracting column element: Column not found
Testing file: testing/parquet-testing/data/repeated_primitive_no_list.parquet
    [ERROR] extracting column Int32_list_in_group: Column not found
    [ERROR] extracting column String_list_in_group: Column not found
Testing file: testing/parquet-testing/data/delta_length_byte_array.parquet
    [ERROR] extracting column FRUIT: Failed to uncompress ZSTD page
Testing file: testing/parquet-testing/data/delta_encoding_required_column.parquet
    [ERROR] extracting column c_customer_sk:: Unknown Thrift type during skip
    [ERROR] extracting column c_current_cdemo_sk:: Unknown Thrift type during skip
    [ERROR] extracting column c_current_hdemo_sk:: Unknown Thrift type during skip
    [ERROR] extracting column c_current_addr_sk:: Unknown Thrift type during skip
    [ERROR] extracting column c_first_shipto_date_sk:: Unknown Thrift type during skip
    [ERROR] extracting column c_first_sales_date_sk:: Unknown Thrift type during skip
    [ERROR] extracting column c_birth_day:: Unknown Thrift type during skip
    [ERROR] extracting column c_birth_month:: Unknown Thrift type during skip
    [ERROR] extracting column c_birth_year:: Unknown Thrift type during skip
    [ERROR] extracting column c_customer_id:: Unknown Thrift type during skip
    [ERROR] extracting column c_salutation:: Unknown Thrift type during skip
    [ERROR] extracting column c_first_name:: Unknown Thrift type during skip
    [ERROR] extracting column c_last_name:: Unknown Thrift type during skip
    [ERROR] extracting column c_preferred_cust_flag:: Unknown Thrift type during skip
    [ERROR] extracting column c_birth_country:: Unknown Thrift type during skip
    [ERROR] extracting column c_email_address:: Unknown Thrift type during skip
    [ERROR] extracting column c_last_review_date:: Unknown Thrift type during skip
Testing file: testing/parquet-testing/data/plain-dict-uncompressed-checksum.parquet
Testing file: testing/parquet-testing/data/repeated_no_annotation.parquet
    [ERROR] extracting column id: Dictionary index out of bounds
    [ERROR] extracting column phone: Column not found
    [ERROR] extracting column number: Column not found
    [ERROR] extracting column kind: Column not found
Testing file: testing/parquet-testing/data/nulls.snappy.parquet
    [ERROR] extracting column b_c_int: Column not found
Testing file: testing/parquet-testing/data/fixed_length_decimal_legacy.parquet
Testing file: testing/parquet-testing/data/large_string_map.brotli.parquet
    [ERROR] extracting column key_value: Column not found
    [ERROR] extracting column key: Column not found
    [ERROR] extracting column value: Column not found
Testing file: testing/parquet-testing/data/int96_from_spark.parquet
Testing file: testing/parquet-testing/data/rle-dict-snappy-checksum.parquet
    [ERROR] extracting column long_field: Failed to uncompress Snappy page
    [ERROR] extracting column binary_field: Failed to uncompress Snappy page
Testing file: testing/parquet-testing/data/hadoop_lz4_compressed.parquet
    [ERROR] extracting column c0: Failed to uncompress LZ4 page
    [ERROR] extracting column c1: Failed to uncompress LZ4 page
Testing file: testing/parquet-testing/data/lz4_raw_compressed.parquet
Testing file: testing/parquet-testing/data/alltypes_dictionary.parquet
Testing file: testing/parquet-testing/data/delta_encoding_optional_column.parquet
Testing file: testing/parquet-testing/data/map_no_value.parquet
    [ERROR] extracting column key_value: Column not found
    [ERROR] extracting column key: Column not found
    [ERROR] extracting column value: Column not found
    [ERROR] extracting column key_value: Column not found
    [ERROR] extracting column key: Column not found
    [ERROR] extracting column list: Column not found
    [ERROR] extracting column element: Column not found
Testing file: testing/parquet-testing/data/dict-page-offset-zero.parquet
Testing file: testing/parquet-testing/data/geospatial/crs-default.parquet
Testing file: testing/parquet-testing/data/geospatial/geospatial.parquet
Testing file: testing/parquet-testing/data/geospatial/crs-geography.parquet
Testing file: testing/parquet-testing/data/geospatial/geospatial-with-nan.parquet
Testing file: testing/parquet-testing/data/geospatial/geography-lines.parquet
Testing file: testing/parquet-testing/data/geospatial/crs-srid.parquet
Testing file: testing/parquet-testing/data/geospatial/geography-polygons.parquet
Testing file: testing/parquet-testing/data/geospatial/crs-arbitrary-value.parquet
Testing file: testing/parquet-testing/data/geospatial/geography-points.parquet
Testing file: testing/parquet-testing/data/geospatial/crs-projjson.parquet
Testing file: testing/parquet-testing/data/alltypes_tiny_pages_plain.parquet
Testing file: testing/parquet-testing/data/datapage_v2_empty_datapage.snappy.parquet
Testing file: testing/parquet-testing/data/fixed_length_decimal.parquet
Testing file: testing/parquet-testing/data/null_list.parquet
    [ERROR] extracting column list: Column not found
    [ERROR] extracting column item: Column not found
Testing file: testing/parquet-testing/data/nonnullable.impala.parquet
    [ERROR] extracting column list: Column not found
    [ERROR] extracting column element: Column not found
    [ERROR] extracting column list: Column not found
    [ERROR] extracting column element: Column not found
    [ERROR] extracting column list: Column not found
    [ERROR] extracting column element: Column not found
    [ERROR] extracting column map: Column not found
    [ERROR] extracting column key: Column not found
    [ERROR] extracting column value: Column not found
    [ERROR] extracting column list: Column not found
    [ERROR] extracting column element: Column not found
    [ERROR] extracting column map: Column not found
    [ERROR] extracting column key: Column not found
    [ERROR] extracting column value: Column not found
    [ERROR] extracting column a: Column not found
    [ERROR] extracting column B: Column not found
    [ERROR] extracting column list: Column not found
    [ERROR] extracting column element: Column not found
    [ERROR] extracting column c: Column not found
    [ERROR] extracting column D: Column not found
    [ERROR] extracting column list: Column not found
    [ERROR] extracting column element: Column not found
    [ERROR] extracting column list: Column not found
    [ERROR] extracting column element: Column not found
    [ERROR] extracting column e: Column not found
    [ERROR] extracting column f: Column not found
    [ERROR] extracting column G: Column not found
    [ERROR] extracting column map: Column not found
    [ERROR] extracting column key: Column not found
    [ERROR] extracting column value: Column not found
    [ERROR] extracting column h: Column not found
    [ERROR] extracting column i: Column not found
    [ERROR] extracting column list: Column not found
    [ERROR] extracting column element: Column not found
Testing file: testing/parquet-testing/data/hadoop_lz4_compressed_larger.parquet
    [ERROR] extracting column a: Failed to uncompress LZ4 page
Testing file: testing/parquet-testing/data/old_list_structure.parquet
    [ERROR] extracting column array: Column not found
    [ERROR] extracting column array: Column not found
Testing file: testing/parquet-testing/data/delta_byte_array.parquet
Testing file: testing/parquet-testing/data/incorrect_map_schema.parquet
    [ERROR] extracting column key_value: Column not found
    [ERROR] extracting column key: Column not found
    [ERROR] extracting column value: Column not found
Testing file: testing/parquet-testing/data/list_columns.parquet
    [ERROR] extracting column list: Column not found
    [ERROR] extracting column item: Column not found
    [ERROR] extracting column list: Column not found
    [ERROR] extracting column item: Column not found
Testing file: testing/parquet-testing/data/alltypes_plain.snappy.parquet
Testing file: testing/parquet-testing/data/alltypes_tiny_pages.parquet
    [ERROR] extracting column date_string_col: Unexpected end of bit-packed data
Testing file: testing/parquet-testing/data/nested_lists.snappy.parquet
    [ERROR] extracting column list: Column not found
    [ERROR] extracting column element: Column not found
    [ERROR] extracting column list: Column not found
    [ERROR] extracting column element: Column not found
    [ERROR] extracting column list: Column not found
    [ERROR] extracting column element: Column not found
    [ERROR] extracting column b: Unexpected end of bit-packed data
Testing file: testing/parquet-testing/data/nation.dict-malformed.parquet
    [ERROR] extracting column name: Dictionary index out of bounds
    [ERROR] extracting column comment_col: Dictionary index out of bounds
Testing file: testing/parquet-testing/data/nested_structs.rust.parquet
    [ERROR] extracting column min: Column not found
    [ERROR] extracting column max: Column not found
    [ERROR] extracting column mean: Column not found
    [ERROR] extracting column sum: Column not found
    [ERROR] extracting column variance: Column not found
    [ERROR] extracting column min: Column not found
    [ERROR] extracting column max: Column not found
    [ERROR] extracting column mean: Column not found
    [ERROR] extracting column sum: Column not found
    [ERROR] extracting column variance: Column not found
    [ERROR] extracting column min: Column not found
    [ERROR] extracting column max: Column not found
    [ERROR] extracting column mean: Column not found
    [ERROR] extracting column sum: Column not found
    [ERROR] extracting column variance: Column not found
    [ERROR] extracting column min: Column not found
    [ERROR] extracting column max: Column not found
    [ERROR] extracting column mean: Column not found
    [ERROR] extracting column sum: Column not found
    [ERROR] extracting column variance: Column not found
    [ERROR] extracting column min: Column not found
    [ERROR] extracting column max: Column not found
    [ERROR] extracting column mean: Column not found
    [ERROR] extracting column sum: Column not found
    [ERROR] extracting column variance: Column not found
    [ERROR] extracting column min: Column not found
    [ERROR] extracting column max: Column not found
    [ERROR] extracting column mean: Column not found
    [ERROR] extracting column sum: Column not found
    [ERROR] extracting column variance: Column not found
    [ERROR] extracting column min: Column not found
    [ERROR] extracting column max: Column not found
    [ERROR] extracting column mean: Column not found
    [ERROR] extracting column sum: Column not found
    [ERROR] extracting column variance: Column not found
    [ERROR] extracting column min: Column not found
    [ERROR] extracting column max: Column not found
    [ERROR] extracting column mean: Column not found
    [ERROR] extracting column sum: Column not found
    [ERROR] extracting column variance: Column not found
    [ERROR] extracting column min: Column not found
    [ERROR] extracting column max: Column not found
    [ERROR] extracting column mean: Column not found
    [ERROR] extracting column sum: Column not found
    [ERROR] extracting column variance: Column not found
    [ERROR] extracting column min: Column not found
    [ERROR] extracting column max: Column not found
    [ERROR] extracting column mean: Column not found
    [ERROR] extracting column sum: Column not found
    [ERROR] extracting column variance: Column not found
    [ERROR] extracting column min: Column not found
    [ERROR] extracting column max: Column not found
    [ERROR] extracting column mean: Column not found
    [ERROR] extracting column sum: Column not found
    [ERROR] extracting column variance: Column not found
    [ERROR] extracting column min: Column not found
    [ERROR] extracting column max: Column not found
    [ERROR] extracting column mean: Column not found
    [ERROR] extracting column sum: Column not found
    [ERROR] extracting column variance: Column not found
    [ERROR] extracting column min: Column not found
    [ERROR] extracting column max: Column not found
    [ERROR] extracting column mean: Column not found
    [ERROR] extracting column sum: Column not found
    [ERROR] extracting column variance: Column not found
    [ERROR] extracting column min: Column not found
    [ERROR] extracting column max: Column not found
    [ERROR] extracting column mean: Column not found
    [ERROR] extracting column sum: Column not found
    [ERROR] extracting column variance: Column not found
    [ERROR] extracting column min: Column not found
    [ERROR] extracting column max: Column not found
    [ERROR] extracting column mean: Column not found
    [ERROR] extracting column sum: Column not found
    [ERROR] extracting column variance: Column not found
    [ERROR] extracting column min: Column not found
    [ERROR] extracting column max: Column not found
    [ERROR] extracting column mean: Column not found
    [ERROR] extracting column sum: Column not found
    [ERROR] extracting column variance: Column not found
    [ERROR] extracting column min: Column not found
    [ERROR] extracting column max: Column not found
    [ERROR] extracting column mean: Column not found
    [ERROR] extracting column sum: Column not found
    [ERROR] extracting column variance: Column not found
    [ERROR] extracting column min: Column not found
    [ERROR] extracting column max: Column not found
    [ERROR] extracting column mean: Column not found
    [ERROR] extracting column sum: Column not found
    [ERROR] extracting column variance: Column not found
    [ERROR] extracting column min: Column not found
    [ERROR] extracting column max: Column not found
    [ERROR] extracting column mean: Column not found
    [ERROR] extracting column sum: Column not found
    [ERROR] extracting column variance: Column not found
    [ERROR] extracting column min: Column not found
    [ERROR] extracting column max: Column not found
    [ERROR] extracting column mean: Column not found
    [ERROR] extracting column sum: Column not found
    [ERROR] extracting column variance: Column not found
    [ERROR] extracting column min: Column not found
    [ERROR] extracting column max: Column not found
    [ERROR] extracting column mean: Column not found
    [ERROR] extracting column sum: Column not found
    [ERROR] extracting column variance: Column not found
    [ERROR] extracting column min: Column not found
    [ERROR] extracting column max: Column not found
    [ERROR] extracting column mean: Column not found
    [ERROR] extracting column sum: Column not found
    [ERROR] extracting column variance: Column not found
    [ERROR] extracting column min: Column not found
    [ERROR] extracting column max: Column not found
    [ERROR] extracting column mean: Column not found
    [ERROR] extracting column sum: Column not found
    [ERROR] extracting column variance: Column not found
    [ERROR] extracting column min: Column not found
    [ERROR] extracting column max: Column not found
    [ERROR] extracting column mean: Column not found
    [ERROR] extracting column sum: Column not found
    [ERROR] extracting column variance: Column not found
    [ERROR] extracting column min: Column not found
    [ERROR] extracting column max: Column not found
    [ERROR] extracting column mean: Column not found
    [ERROR] extracting column sum: Column not found
    [ERROR] extracting column variance: Column not found
    [ERROR] extracting column min: Column not found
    [ERROR] extracting column max: Column not found
    [ERROR] extracting column mean: Column not found
    [ERROR] extracting column sum: Column not found
    [ERROR] extracting column variance: Column not found
    [ERROR] extracting column min: Column not found
    [ERROR] extracting column max: Column not found
    [ERROR] extracting column mean: Column not found
    [ERROR] extracting column sum: Column not found
    [ERROR] extracting column variance: Column not found
    [ERROR] extracting column min: Column not found
    [ERROR] extracting column max: Column not found
    [ERROR] extracting column mean: Column not found
    [ERROR] extracting column sum: Column not found
    [ERROR] extracting column variance: Column not found
    [ERROR] extracting column min: Column not found
    [ERROR] extracting column max: Column not found
    [ERROR] extracting column mean: Column not found
    [ERROR] extracting column sum: Column not found
    [ERROR] extracting column variance: Column not found
    [ERROR] extracting column min: Column not found
    [ERROR] extracting column max: Column not found
    [ERROR] extracting column mean: Column not found
    [ERROR] extracting column sum: Column not found
    [ERROR] extracting column variance: Column not found
    [ERROR] extracting column min: Column not found
    [ERROR] extracting column max: Column not found
    [ERROR] extracting column mean: Column not found
    [ERROR] extracting column sum: Column not found
    [ERROR] extracting column variance: Column not found
    [ERROR] extracting column min: Column not found
    [ERROR] extracting column max: Column not found
    [ERROR] extracting column mean: Column not found
    [ERROR] extracting column sum: Column not found
    [ERROR] extracting column variance: Column not found
    [ERROR] extracting column min: Column not found
    [ERROR] extracting column max: Column not found
    [ERROR] extracting column mean: Column not found
    [ERROR] extracting column sum: Column not found
    [ERROR] extracting column variance: Column not found
    [ERROR] extracting column min: Column not found
    [ERROR] extracting column max: Column not found
    [ERROR] extracting column mean: Column not found
    [ERROR] extracting column sum: Column not found
    [ERROR] extracting column variance: Column not found
    [ERROR] extracting column min: Column not found
    [ERROR] extracting column max: Column not found
    [ERROR] extracting column mean: Column not found
    [ERROR] extracting column sum: Column not found
    [ERROR] extracting column variance: Column not found
    [ERROR] extracting column min: Column not found
    [ERROR] extracting column max: Column not found
    [ERROR] extracting column mean: Column not found
    [ERROR] extracting column sum: Column not found
    [ERROR] extracting column variance: Column not found
Testing file: testing/parquet-testing/data/data_index_bloom_encoding_stats.parquet
    [ERROR] extracting column String: Failed to uncompress GZIP page
Testing file: testing/parquet-testing/data/single_nan.parquet
Testing file: testing/parquet-testing/data/alltypes_plain.parquet
Testing file: testing/parquet-testing/data/float16_zeros_and_nans.parquet
    [ERROR] extracting column x: Dictionary index out of bounds
Testing file: testing/parquet-testing/data/rle_boolean_encoding.parquet
Testing file: testing/parquet-testing/data/data_index_bloom_encoding_with_length.parquet
Testing file: testing/parquet-testing/data/nullable.impala.parquet
    [ERROR] extracting column list: Column not found
    [ERROR] extracting column element: Column not found
    [ERROR] extracting column list: Column not found
    [ERROR] extracting column element: Column not found
    [ERROR] extracting column list: Column not found
    [ERROR] extracting column element: Column not found
    [ERROR] extracting column map: Column not found
    [ERROR] extracting column key: Column not found
    [ERROR] extracting column value: Column not found
    [ERROR] extracting column list: Column not found
    [ERROR] extracting column element: Column not found
    [ERROR] extracting column map: Column not found
    [ERROR] extracting column key: Column not found
    [ERROR] extracting column value: Column not found
    [ERROR] extracting column A: Column not found
    [ERROR] extracting column b: Column not found
    [ERROR] extracting column list: Column not found
    [ERROR] extracting column element: Column not found
    [ERROR] extracting column C: Column not found
    [ERROR] extracting column d: Column not found
    [ERROR] extracting column list: Column not found
    [ERROR] extracting column element: Column not found
    [ERROR] extracting column list: Column not found
    [ERROR] extracting column element: Column not found
    [ERROR] extracting column E: Column not found
    [ERROR] extracting column F: Column not found
    [ERROR] extracting column g: Column not found
    [ERROR] extracting column map: Column not found
    [ERROR] extracting column key: Column not found
    [ERROR] extracting column value: Column not found
    [ERROR] extracting column H: Column not found
    [ERROR] extracting column i: Column not found
    [ERROR] extracting column list: Column not found
    [ERROR] extracting column element: Column not found
Testing file: testing/parquet-testing/data/byte_stream_split_extended.gzip.parquet
    [ERROR] extracting column float16_plain: Failed to uncompress GZIP page
    [ERROR] extracting column float16_byte_stream_split: Failed to uncompress GZIP page
    [ERROR] extracting column int32_plain: Failed to uncompress GZIP page
    [ERROR] extracting column int32_byte_stream_split: Failed to uncompress GZIP page
    [ERROR] extracting column int64_plain: Failed to uncompress GZIP page
    [ERROR] extracting column int64_byte_stream_split: Failed to uncompress GZIP page
    [ERROR] extracting column flba5_plain: Failed to uncompress GZIP page
    [ERROR] extracting column flba5_byte_stream_split: Failed to uncompress GZIP page
    [ERROR] extracting column decimal_plain: Failed to uncompress GZIP page
    [ERROR] extracting column decimal_byte_stream_split: Failed to uncompress GZIP page
Testing file: testing/parquet-testing/data/binary_truncated_min_max.parquet
Testing file: testing/parquet-testing/data/float16_nonzeros_and_nans.parquet
    [ERROR] extracting column x: Dictionary index out of bounds
Testing file: testing/parquet-testing/data/nested_maps.snappy.parquet
    [ERROR] extracting column key_value: Column not found
    [ERROR] extracting column key: Column not found
    [ERROR] extracting column value: Column not found
    [ERROR] extracting column key_value: Column not found
    [ERROR] extracting column key: Column not found
    [ERROR] extracting column value: Column not found
    [ERROR] extracting column b: Unexpected end of bit-packed data
Testing file: testing/parquet-testing/data/concatenated_gzip_members.parquet
    [ERROR] extracting column long_col: Failed to uncompress GZIP page
Testing file: testing/parquet-testing/data/unknown-logical-type.parquet
Testing file: testing/parquet-testing/data/column_chunk_key_value_metadata.parquet
Testing file: testing/parquet-testing/data/datapage_v1-corrupt-checksum.parquet
Testing file: testing/parquet-testing/data/delta_binary_packed.parquet
Testing file: testing/parquet-testing/data/binary.parquet
Testing file: testing/parquet-testing/data/lz4_raw_compressed_larger.parquet
Testing file: testing/parquet-testing/data/int64_decimal.parquet
Testing file: testing/parquet-testing/data/non_hadoop_lz4_compressed.parquet
Testing file: testing/parquet-testing/data/overflow_i16_page_cnt.parquet
Testing file: testing/parquet-testing/data/byte_array_decimal.parquet
Testing file: testing/parquet-testing/data/floating_orders_nan_count.parquet
Testing file: testing/parquet-testing/data/datapage_v1-uncompressed-checksum.parquet
Testing file: testing/parquet-testing/data/int32_with_null_pages.parquet
Testing file: testing/parquet-testing/data/nan_in_stats.parquet
Testing file: testing/parquet-testing/data/datapage_v1-snappy-compressed-checksum.parquet
Testing file: testing/parquet-testing/data/page_v2_empty_compressed.parquet
    [ERROR] extracting column integer_column: Failed to uncompress ZSTD page
Testing file: testing/parquet-testing/data/sort_columns.parquet
Testing file: testing/parquet-testing/data/rle-dict-uncompressed-corrupt-checksum.parquet
Testing file: testing/parquet-testing/data/int32_decimal.parquet
Testing file: testing/parquet-testing/data/byte_stream_split.zstd.parquet
SUCCESS
